<html>
<body>
<pre>
<h1>礦ision Build Log</h1>
<h2>Tool Versions:</h2>
IDE-Version: μVision V5.20.0.0
Copyright (C) 2016 ARM Ltd and ARM Germany GmbH. All rights reserved.
License Information: a Microsoft, Microsoft, LIC=ZB401-C8PGE-RXVUD-8FIZS-0NQ0V-DDA15
 
Tool Versions:
Toolchain:       MDK-ARM Plus  Version: 5.20
Toolchain Path:  e:\Keil_v5\ARM\ARMCC\Bin
C Compiler:      Armcc.exe V5.06 update 2 (build 183)
Assembler:       Armasm.exe V5.06 update 2 (build 183)
Linker/Locator:  ArmLink.exe V5.06 update 2 (build 183)
Library Manager: ArmAr.exe V5.06 update 2 (build 183)
Hex Converter:   FromElf.exe V5.06 update 2 (build 183)
CPU DLL:         SARMCM3.DLL V5.20
Dialog DLL:      DCM.DLL V1.13.7.0
Target DLL:      STLink\ST-LINKIII-KEIL_SWO.dll V2.0.18.0
Dialog DLL:      TCM.DLL V1.14.9.0
 
<h2>Project:</h2>
F:\Quarotor\FC_MIN_飞控研究\UCOS - mini\Half+ -divid\OLD_X_FC\USER\UCOSII-3.uvprojx
Project File Date:  01/20/2017

<h2>Output:</h2>
*** Using Compiler 'V5.06 update 2 (build 183)', folder: 'e:\Keil_v5\ARM\ARMCC\Bin'
Build target 'UCOSII-3'
compiling parameter.c...
compiling main.c...
compiling ucos_task.c...
compiling flash.c...
compiling iic1.c...
compiling pwm_out.c...
compiling time.c...
compiling error.c...
compiling hml_sample.c...
compiling rc_mine.c...
compiling usart_fc.c...
compiling mpu6050.c...
compiling ms5611_2.c...
compiling ultrasonic.c...
compiling hml_cal.c...
compiling att_control.c...
compiling eso.c...
compiling h_inf.c...
compiling visual_contol.c...
compiling height_ctrl.c...
compiling Quaternion.c...
compiling alt_kf.c...
compiling imu1.c...
compiling sonar_avoid.c...
linking...
Program Size: Code=183450 RO-data=3734 RW-data=4652 ZI-data=46996  
FromELF: creating hex file...
"..\OBJ\UCOSII-3.axf" - 0 Error(s), 0 Warning(s).

<h2>Collection of Component include folders:</h2>
  F:\Quarotor\FC_MIN_飞控研究\UCOS - mini\Half+ -divid\OLD_X_FC\USER\RTE
  e:\Keil_v5\ARM\PACK\Keil\STM32F4xx_DFP\2.9.0\Drivers\CMSIS\Device\ST\STM32F4xx\Include

<h2>Collection of Component Files used:</h2>
Build Time Elapsed:  00:02:52
</pre>
</body>
</html>
