Component: ARM Compiler 5.06 update 2 (build 183) Tool: armlink [4d35b7]

==============================================================================

Section Cross References

    main.o(.text) refers to os_mbox.o(.text) for OSMboxCreate
    main.o(.text) refers to os_q.o(.text) for OSQCreate
    main.o(.text) refers to os_flag.o(.text) for OSFlagCreate
    main.o(.text) refers to os_core.o(.text) for OSStatInit
    main.o(.text) refers to os_tmr.o(.text) for OSTmrCreate
    main.o(.text) refers to os_cpu_a.o(.text) for OS_CPU_SR_Save
    main.o(.text) refers to os_task.o(.text) for OSTaskCreate
    main.o(.text) refers to misc.o(.text) for NVIC_PriorityGroupConfig
    main.o(.text) refers to delay.o(.text) for delay_init
    main.o(.text) refers to pwm_out.o(.text) for LED_Init
    main.o(.text) refers to time.o(.text) for Initial_Timer_SYS
    main.o(.text) refers to iic.o(.text) for I2c_Soft_Init
    main.o(.text) refers to ms5611_2.o(.text) for MS5611_Init
    main.o(.text) refers to mpu6050.o(.text) for MPU6050_Init
    main.o(.text) refers to hml_sample.o(.text) for HMC5883L_SetUp
    main.o(.text) refers to usart_fc.o(.text) for Usart1_Init
    main.o(.text) refers to dma.o(.text) for MYDMA_Config
    main.o(.text) refers to parameter.o(.text) for Para_Init
    main.o(.text) refers to flash.o(.text) for W25QXX_Init
    main.o(.text) refers to stm32f4xx_usart.o(.text) for USART_DMACmd
    main.o(.text) refers to main.o(.bss) for mcuID
    main.o(.text) refers to main.o(.data) for msg_key
    main.o(.text) refers to ucos_task.o(.text) for tmr1_callback
    main.o(.text) refers to ucos_task.o(.data) for tmr1
    main.o(.text) refers to ucos_task.o(.bss) for OUTER_TASK_STK
    main.o(.text) refers to iic.o(.data) for I2C_FastMode
    main.o(.text) refers to usart_fc.o(.bss) for SendBuff1
    main.o(.text) refers to visual_contol.o(.bss) for circle
    main.o(.text) refers to rc_mine.o(.data) for fly_ready
    main.o(.text) refers to rc_mine.o(.bss) for RX_CH
    parameter.o(.text) refers to f2d.o(x$fpl$f2d) for __aeabi_f2d
    parameter.o(.text) refers to dmul.o(x$fpl$dmul) for __aeabi_dmul
    parameter.o(.text) refers to d2f.o(x$fpl$d2f) for __aeabi_d2f
    parameter.o(.text) refers to mpu6050.o(.bss) for mpu6050
    parameter.o(.text) refers to parameter.o(.bss) for sensor_setup
    parameter.o(.text) refers to hml_sample.o(.data) for ak8975
    parameter.o(.text) refers to main.o(.bss) for mcuID
    parameter.o(.text) refers to usart_fc.o(.bss) for SPID
    parameter.o(.text) refers to eso.o(.bss) for eso_att_outter
    parameter.o(.text) refers to att_control.o(.text) for Ctrl_Para_Init
    parameter.o(.text) refers to height_ctrl.o(.text) for WZ_Speed_PID_Init
    parameter.o(.text) refers to att_control.o(.bss) for ctrl_1
    ucos_task.o(.text) refers to stm32f4xx_tim.o(.text) for TIM_GetITStatus
    ucos_task.o(.text) refers to time.o(.text) for Get_Cycle_T
    ucos_task.o(.text) refers to f2d.o(x$fpl$f2d) for __aeabi_f2d
    ucos_task.o(.text) refers to drleqf.o(x$fpl$drleqf) for __aeabi_cdrcmple
    ucos_task.o(.text) refers to mpu6050.o(.text) for MPU6050_Read
    ucos_task.o(.text) refers to hml_sample.o(.text) for ANO_AK8975_Read
    ucos_task.o(.text) refers to ms5611_2.o(.text) for MS5611_ThreadNew
    ucos_task.o(.text) refers to rc_mine.o(.text) for RC_Duty
    ucos_task.o(.text) refers to att_control.o(.text) for CTRL_1
    ucos_task.o(.text) refers to delay.o(.text) for delay_ms
    ucos_task.o(.text) refers to my_math.o(.text) for my_deathzoom_2
    ucos_task.o(.text) refers to imu1.o(.text) for IMUupdate
    ucos_task.o(.text) refers to ddiv.o(x$fpl$ddiv) for __aeabi_ddiv
    ucos_task.o(.text) refers to d2f.o(x$fpl$d2f) for __aeabi_d2f
    ucos_task.o(.text) refers to ucos_task.o(.data) for inner_loop_time_time
    ucos_task.o(.text) refers to ucos_task.o(.bss) for Rc_Pwm_In
    ucos_task.o(.text) refers to mpu6050.o(.bss) for mpu6050_fc
    ucos_task.o(.text) refers to hml_sample.o(.data) for ak8975_fc
    ucos_task.o(.text) refers to dflt_clz.o(x$fpl$dfltu) for __aeabi_ui2d
    ucos_task.o(.text) refers to visual_contol.o(.text) for Positon_control
    ucos_task.o(.text) refers to alt_kf.o(.text) for ukf_baro_task1
    ucos_task.o(.text) refers to usart_fc.o(.text) for UsartSend_GPS
    ucos_task.o(.text) refers to stm32f4xx_dma.o(.text) for DMA_GetFlagStatus
    ucos_task.o(.text) refers to dmul.o(x$fpl$dmul) for __aeabi_dmul
    ucos_task.o(.text) refers to dfix.o(x$fpl$dfix) for __aeabi_d2iz
    ucos_task.o(.text) refers to usart_fc.o(.bss) for mode
    ucos_task.o(.text) refers to rc_mine.o(.data) for cnt_loss_nrf
    ucos_task.o(.text) refers to usart_fc.o(.data) for imu_loss_cnt
    ucos_task.o(.text) refers to att_control.o(.data) for Thr_Low
    ucos_task.o(.text) refers to eso.o(.bss) for eso_att_outter_c
    ucos_task.o(.text) refers to att_control.o(.bss) for ctrl_2
    ucos_task.o(.text) refers to height_ctrl.o(.data) for wz_speed
[...]
    OSCtxSwCtr                               0x200000e4   Data           4  os_core.o(.data)
    OSEventFreeList                          0x200000e8   Data           4  os_core.o(.data)
    OSFlagFreeList                           0x200000ec   Data           4  os_core.o(.data)
    OSCPUUsage                               0x200000f0   Data           1  os_core.o(.data)
    OSIdleCtrMax                             0x200000f4   Data           4  os_core.o(.data)
    OSIdleCtrRun                             0x200000f8   Data           4  os_core.o(.data)
    OSStatRdy                                0x200000fc   Data           1  os_core.o(.data)
    OSIntNesting                             0x200000fd   Data           1  os_core.o(.data)
    OSLockNesting                            0x200000fe   Data           1  os_core.o(.data)
    OSPrioCur                                0x200000ff   Data           1  os_core.o(.data)
    OSPrioHighRdy                            0x20000100   Data           1  os_core.o(.data)
    OSRdyGrp                                 0x20000101   Data           1  os_core.o(.data)
    OSRdyTbl                                 0x20000102   Data           8  os_core.o(.data)
    OSRunning                                0x2000010a   Data           1  os_core.o(.data)
    OSTaskCtr                                0x2000010b   Data           1  os_core.o(.data)
    OSIdleCtr                                0x2000010c   Data           4  os_core.o(.data)
    OSTCBCur                                 0x20000110   Data           4  os_core.o(.data)
    OSTCBFreeList                            0x20000114   Data           4  os_core.o(.data)
    OSTCBHighRdy                             0x20000118   Data           4  os_core.o(.data)
    OSTCBList                                0x2000011c   Data           4  os_core.o(.data)
    OSTickStepState                          0x20000120   Data           1  os_core.o(.data)
    OSQFreeList                              0x20000124   Data           4  os_core.o(.data)
    OSTime                                   0x20000128   Data           4  os_core.o(.data)
    OSTmrFree                                0x2000012c   Data           2  os_core.o(.data)
    OSTmrUsed                                0x2000012e   Data           2  os_core.o(.data)
    OSTmrTime                                0x20000130   Data           4  os_core.o(.data)
    OSTmrSem                                 0x20000134   Data           4  os_core.o(.data)
    OSTmrSemSignal                           0x20000138   Data           4  os_core.o(.data)
    OSTmrFreeList                            0x2000013c   Data           4  os_core.o(.data)
    OSInterrputSum                           0x20000140   Data           4  os_cpu_c.o(.data)
    I2C_FastMode                             0x20000146   Data           1  iic.o(.data)
    W25QXX_TYPE                              0x20000148   Data           2  flash.o(.data)
    FLASH_SIZE                               0x2000014c   Data           4  flash.o(.data)
    motor_cal                                0x20000150   Data           1  pwm_out.o(.data)
    PMW_T                                    0x20000151   Data           1  pwm_out.o(.data)
    CH_out_Mapping                           0x20000152   Data           6  pwm_out.o(.data)
    sel                                      0x20000158   Data           1  pwm_out.o(.data)
    sysTickUptime                            0x2000015c   Data           4  time.o(.data)
    time_1h                                  0x20000160   Data           4  time.o(.data)
    time_1m                                  0x20000164   Data           4  time.o(.data)
    time_1s                                  0x20000168   Data           4  time.o(.data)
    time_1ms                                 0x2000016c   Data           4  time.o(.data)
    ero                                      0x20000170   Data           4  error.o(.data)
    sys                                      0x20000174   Data           8  error.o(.data)
    CH_in_Mapping                            0x20000188   Data           8  rc_mine.o(.data)
    NS                                       0x20000190   Data           1  rc_mine.o(.data)
    CH_Error                                 0x20000191   Data           8  rc_mine.o(.data)
    NS_cnt                                   0x2000019a   Data           2  rc_mine.o(.data)
    MAX_CH                                   0x2000019c   Data          16  rc_mine.o(.data)
    MIN_CH                                   0x200001ac   Data          16  rc_mine.o(.data)
    CH_DIR                                   0x200001bc   Data           8  rc_mine.o(.data)
    filter_A                                 0x200001c4   Data           4  rc_mine.o(.data)
    fly_ready                                0x200001c8   Data           1  rc_mine.o(.data)
    ready_cnt                                0x200001ca   Data           2  rc_mine.o(.data)
    height_ctrl_mode                         0x200001cc   Data           1  rc_mine.o(.data)
    height_ctrl_mode_use                     0x200001cd   Data           1  rc_mine.o(.data)
    QH                                       0x200001ce   Data           2  rc_mine.o(.data)
    ZY                                       0x200001d0   Data           2  rc_mine.o(.data)
    XZ                                       0x200001d2   Data           2  rc_mine.o(.data)
    is_lock                                  0x200001d4   Data           1  rc_mine.o(.data)
    EN_FIX_GPSF                              0x200001d5   Data           1  rc_mine.o(.data)
    EN_FIX_LOCKWF                            0x200001d6   Data           1  rc_mine.o(.data)
    EN_CONTROL_IMUF                          0x200001d7   Data           1  rc_mine.o(.data)
    EN_FIX_INSF                              0x200001d8   Data           1  rc_mine.o(.data)
    EN_FIX_HIGHF                             0x200001d9   Data           1  rc_mine.o(.data)
    tx_lock                                  0x200001da   Data           1  rc_mine.o(.data)
    EN_FIX_GPS                               0x200001db   Data           1  rc_mine.o(.data)
    EN_FIX_LOCKW                             0x200001dc   Data           1  rc_mine.o(.data)
    EN_CONTROL_IMU                           0x200001dd   Data           1  rc_mine.o(.data)
    EN_FIX_INS                               0x200001de   Data           1  rc_mine.o(.data)
    EN_FIX_HIGH                              0x200001df   Data           1  rc_mine.o(.data)
    EN_TX_GX                                 0x200001e0   Data           1  rc_mine.o(.data)
    EN_TX_AX                                 0x200001e1   Data           1  rc_mine.o(.data)
    EN_TX_HM                                 0x200001e2   Data           1  rc_mine.o(.data)
    EN_TX_YRP                                0x200001e3   Data           1  rc_mine.o(.data)
    EN_TX_GPS                                0x200001e4   Data           1  rc_mine.o(.data)
    EN_TX_HIGH                               0x200001e5   Data           1  rc_mine.o(.data)
    up_load_set                              0x200001e6   Data           1  rc_mine.o(.data)
    up_load_pid                              0x200001e7   Data           1  rc_mine.o(.data)
    key_rc                                   0x200001e8   Data           6  rc_mine.o(.data)
    Yaw_sb_rc                                0x200001ee   Data           2  rc_mine.o(.data)
    cnt_rst                                  0x200001f0   Data           1  rc_mine.o(.data)
    delta_pitch                              0x200001f1   Data           1  rc_mine.o(.data)
    delta_roll                               0x200001f2   Data           1  rc_mine.o(.data)
    delta_yew                                0x200001f3   Data           1  rc_mine.o(.data)
    data_rate                                0x200001f4   Data           2  rc_mine.o(.data)
    control_scale                            0x200001f8   Data           4  rc_mine.o(.data)
    loss_nrf                                 0x200001fc   Data           1  rc_mine.o(.data)
    cnt_loss_nrf                             0x20000200   Data           4  rc_mine.o(.data)
    dt_flow_rx                               0x20000208   Data           4  usart_fc.o(.data)
    data_rate_gol_link                       0x2000020c   Data           2  usart_fc.o(.data)
    LOCK                                     0x2000020e   Data           1  usart_fc.o(.data)
    KEY                                      0x2000020f   Data           8  usart_fc.o(.data)
    KEY_SEL                                  0x20000217   Data           4  usart_fc.o(.data)
    NAV_BOARD_CONNECT                        0x2000021b   Data           1  usart_fc.o(.data)
    imu_loss_cnt                             0x2000021c   Data           4  usart_fc.o(.data)
    baro_matlab_data                         0x20000220   Data           8  usart_fc.o(.data)
    POS_UKF_X                                0x20000228   Data           4  usart_fc.o(.data)
    POS_UKF_Y                                0x2000022c   Data           4  usart_fc.o(.data)
    VEL_UKF_X                                0x20000230   Data           4  usart_fc.o(.data)
    VEL_UKF_Y                                0x20000234   Data           4  usart_fc.o(.data)
    k_scale_pix                              0x20000238   Data           4  usart_fc.o(.data)
    TxCounter                                0x2000023c   Data           1  usart_fc.o(.data)
    count                                    0x2000023d   Data           1  usart_fc.o(.data)
    RxState                                  0x2000023e   Data           1  usart_fc.o(.data)
    RxBufferNum                              0x2000023f   Data           1  usart_fc.o(.data)
    RxBufferCnt                              0x20000240   Data           1  usart_fc.o(.data)
    RxLen                                    0x20000241   Data           1  usart_fc.o(.data)
    com_data                                 0x20000242   Data           1  usart_fc.o(.data)
    PWM_DJI                                  0x20000246   Data           8  usart_fc.o(.data)
    TxCounter5                               0x2000024e   Data           1  usart_fc.o(.data)
    count5                                   0x2000024f   Data           1  usart_fc.o(.data)
    RxState5                                 0x20000250   Data           1  usart_fc.o(.data)
    RxBufferNum5                             0x20000251   Data           1  usart_fc.o(.data)
    RxBufferCnt5                             0x20000252   Data           1  usart_fc.o(.data)
    RxLen5                                   0x20000253   Data           1  usart_fc.o(.data)
    BLE_UP1                                  0x20000256   Data          20  usart_fc.o(.data)
    BLE_TEST                                 0x2000026a   Data          20  usart_fc.o(.data)
    BLE_BAUD                                 0x2000027e   Data          20  usart_fc.o(.data)
    BLE_RENEW                                0x20000292   Data          20  usart_fc.o(.data)
    BLE_RATE                                 0x200002a6   Data          20  usart_fc.o(.data)
    SET_PIN                                  0x200002ba   Data          20  usart_fc.o(.data)
    app_connect_fc_loss                      0x200002d0   Data           4  usart_fc.o(.data)
    app_connect_fc                           0x200002d4   Data           1  usart_fc.o(.data)
    lock_tx                                  0x200002d5   Data           1  usart_fc.o(.data)
    RxState_app                              0x200002d6   Data           1  usart_fc.o(.data)
    RxBufferNum_app                          0x200002d7   Data           1  usart_fc.o(.data)
    RxBufferCnt_app                          0x200002d8   Data           1  usart_fc.o(.data)
    RxLen_app                                0x200002d9   Data           1  usart_fc.o(.data)
    RxState4                                 0x200002dc   Data           1  usart_fc.o(.data)
    RxBufferNum4                             0x200002dd   Data           1  usart_fc.o(.data)
    RxBufferCnt4                             0x200002de   Data           1  usart_fc.o(.data)
    RxLen4                                   0x200002df   Data           1  usart_fc.o(.data)
    rate_gps_board                           0x200002e4   Data           4  usart_fc.o(.data)
    RxState3                                 0x200002e8   Data           1  usart_fc.o(.data)
    RxBufferNum3                             0x200002e9   Data           1  usart_fc.o(.data)
    RxBufferCnt3                             0x200002ea   Data           1  usart_fc.o(.data)
    RxLen3                                   0x200002eb   Data           1  usart_fc.o(.data)
    Angle_Yun                                0x200002f0   Data           8  usart_fc.o(.data)
    SendBuff1_cnt                            0x200002f8   Data           1  usart_fc.o(.data)
    ak8975                                   0x20000310   Data          48  hml_sample.o(.data)
    ak8975_fc                                0x20000340   Data          48  hml_sample.o(.data)
    ak8975_ok                                0x200003c0   Data           1  hml_sample.o(.data)
    hml_fix                                  0x200003c1   Data           1  hml_sample.o(.data)
    Mag_CALIBRATED                           0x200003c2   Data           1  hml_sample.o(.data)
    Mag_CALIBRATED_R                         0x200003c3   Data           1  hml_sample.o(.data)
    HMC5883_lastx                            0x200003c4   Data           4  hml_sample.o(.data)
    HMC5883_lasty                            0x200003c8   Data           4  hml_sample.o(.data)
    HMC5883_lastz                            0x200003cc   Data           4  hml_sample.o(.data)
    HMC5883_maxx                             0x200003d0   Data           2  hml_sample.o(.data)
    HMC5883_maxy                             0x200003d2   Data           2  hml_sample.o(.data)
    HMC5883_maxz                             0x200003d4   Data           2  hml_sample.o(.data)
    HMC5883_minx                             0x200003d6   Data           2  hml_sample.o(.data)
    HMC5883_miny                             0x200003d8   Data           2  hml_sample.o(.data)
    HMC5883_minz                             0x200003da   Data           2  hml_sample.o(.data)
    mpu6050_ok                               0x20000410   Data           1  mpu6050.o(.data)
    acc_sum_cnt                              0x20000412   Data           2  mpu6050.o(.data)
    gyro_sum_cnt                             0x20000414   Data           2  mpu6050.o(.data)
    filter_cnt                               0x200004b8   Data           1  mpu6050.o(.data)
    filter_cnt_old                           0x200004b9   Data           1  mpu6050.o(.data)
    test_ang                                 0x200004bc   Data           4  mpu6050.o(.data)
    test_ang_old                             0x200004c0   Data           4  mpu6050.o(.data)
    test_ang_d                               0x200004c4   Data           4  mpu6050.o(.data)
    test_fli_a                               0x200004c8   Data           4  mpu6050.o(.data)
    test_i                                   0x200004cc   Data           4  mpu6050.o(.data)
    acc_off                                  0x200004d0   Data          12  mpu6050.o(.data)
    acc_scale                                0x200004dc   Data          12  mpu6050.o(.data)
    acc_max                                  0x200004e8   Data          12  mpu6050.o(.data)
    acc_min                                  0x200004f4   Data          12  mpu6050.o(.data)
    EN_TUO_ACC_FIX                           0x20000500   Data           1  mpu6050.o(.data)
    MS5611_Temperature                       0x20000510   Data           4  ms5611_2.o(.data)
    MS5611_Pressure                          0x20000514   Data           4  ms5611_2.o(.data)
    MS5611_Altitude                          0x20000518   Data           4  ms5611_2.o(.data)
    MS5611_VerticalSpeed                     0x2000051c   Data           4  ms5611_2.o(.data)
    baro_alt_speed_ano                       0x20000520   Data           4  ms5611_2.o(.data)
    baroAlt                                  0x20000524   Data           4  ms5611_2.o(.data)
    baroAlt_fc                               0x20000528   Data           4  ms5611_2.o(.data)
    baro_set                                 0x2000052c   Data           1  ms5611_2.o(.data)
    paOffsetNum                              0x20000548   Data           8  ms5611_2.o(.data)
    paInitCnt                                0x20000550   Data           2  ms5611_2.o(.data)
    paOffsetInited                           0x20000552   Data           1  ms5611_2.o(.data)
    Baro_ALT_Updated                         0x20000553   Data           1  ms5611_2.o(.data)
    MS5611_Delay_us                          0x20000554   Data          36  ms5611_2.o(.data)
    for_fly_ready                            0x20000586   Data           1  ms5611_2.o(.data)
    angle_baro                               0x20000588   Data           4  ms5611_2.o(.data)
    ultra_start_f                            0x200005a0   Data           1  ultrasonic.o(.data)
    ultra_ok                                 0x200005a1   Data           1  ultrasonic.o(.data)
    ultra_distance                           0x200005a4   Data           4  ultrasonic.o(.data)
    ultra_distance_r                         0x200005a8   Data           4  ultrasonic.o(.data)
    ultra_delta                              0x200005ac   Data           4  ultrasonic.o(.data)
    d_yaw                                    0x200005b0   Data           4  hml_cal.o(.data)
    d_yaw2                                   0x200005b4   Data           4  hml_cal.o(.data)
    dead_gz                                  0x200005b8   Data           4  hml_cal.o(.data)
    SEL_HML                                  0x200005bc   Data           5  hml_cal.o(.data)
    dj_angle                                 0x200005cc   Data           4  att_control.o(.data)
    dj_angle_offset                          0x200005d0   Data          12  att_control.o(.data)
    dj_angle_set                             0x200005dc   Data           4  att_control.o(.data)
    w_neuro                                  0x200005e0   Data           8  att_control.o(.data)
    YAW_NO_HEAD                              0x200005e8   Data           4  att_control.o(.data)
    except_A_SB                              0x200005ec   Data           8  att_control.o(.data)
    except_A_SB_lft                          0x200005f4   Data           8  att_control.o(.data)
    nav_angle                                0x200005fc   Data           8  att_control.o(.data)
    avoid_angle                              0x20000604   Data           8  att_control.o(.data)
    scale_lf_sb                              0x2000060c   Data           4  att_control.o(.data)
    scale_lf_nav                             0x20000610   Data           4  att_control.o(.data)
    px_v                                     0x20000614   Data           4  att_control.o(.data)
    ix_v                                     0x20000618   Data           4  att_control.o(.data)
    flag_eso                                 0x2000061c   Data           4  att_control.o(.data)
    off_temp                                 0x20000620   Data           8  att_control.o(.data)
    off_yaw                                  0x20000628   Data           4  att_control.o(.data)
    att_tuning_thr_limit                     0x2000062c   Data           2  att_control.o(.data)
    baro_to_ground                           0x20000630   Data           4  att_control.o(.data)
    baro_ground_off                          0x20000634   Data           4  att_control.o(.data)
    thr_value                                0x20000638   Data           4  att_control.o(.data)
    Thr_Low                                  0x2000063c   Data           1  att_control.o(.data)
    force_Thr_low                            0x2000063d   Data           1  att_control.o(.data)
    Thr_Weight                               0x20000640   Data           4  att_control.o(.data)
    Thr_Weight_ATT                           0x20000644   Data           4  att_control.o(.data)
    thr_test                                 0x20000648   Data           4  att_control.o(.data)
    k_thr_att                                0x2000064c   Data           4  att_control.o(.data)
    scale_thr_fix                            0x20000650   Data           4  att_control.o(.data)
    thr_value_fix                            0x20000654   Data           4  att_control.o(.data)
    en_motor_sel                             0x20000658   Data           1  att_control.o(.data)
    ctrl_inf_att_out                         0x200006a0   Data           8  h_inf.o(.data)
    ctrl_inf_att_out2                        0x200006a8   Data           8  h_inf.o(.data)
    num_w1                                   0x200006b0   Data           8  h_inf.o(.data)
    den_w1                                   0x200006b8   Data           8  h_inf.o(.data)
    K_kw2                                    0x200006c0   Data           4  h_inf.o(.data)
    num_kw2                                  0x200006c8   Data          40  h_inf.o(.data)
    den_kw2                                  0x200006f0   Data          40  h_inf.o(.data)
    ks_w2_0                                  0x20000718   Data           4  h_inf.o(.data)
    test1                                    0x2000071c   Data           4  h_inf.o(.data)
    Out_k                                    0x20000720   Data           4  h_inf.o(.data)
    inf_cnt                                  0x20000724   Data           2  h_inf.o(.data)
    d_inf                                    0x20000728   Data           4  h_inf.o(.data)
    kd                                       0x2000072c   Data           4  h_inf.o(.data)
    ero_inf                                  0x20000730   Data           4  h_inf.o(.data)
    thr_inf                                  0x20000734   Data           4  h_inf.o(.data)
    rng_time1                                0x20000748   Data           4  height_ctrl.o(.data)
    HOLD_THR                                 0x2000074c   Data           4  height_ctrl.o(.data)
    ALT_HOLD_THR_RANGE_SCALE                 0x20000750   Data           4  height_ctrl.o(.data)
    exp_spd_zv                               0x20000754   Data           4  height_ctrl.o(.data)
    thr_use                                  0x20000758   Data           4  height_ctrl.o(.data)
    thr_in_view                              0x2000075c   Data           4  height_ctrl.o(.data)
    exp_height_speed                         0x20000760   Data           4  height_ctrl.o(.data)
    exp_height                               0x20000764   Data           4  height_ctrl.o(.data)
    exp_height_speed_safe                    0x20000768   Data           4  height_ctrl.o(.data)
    exp_height_safe                          0x2000076c   Data           4  height_ctrl.o(.data)
    ultra_speed                              0x20000770   Data           4  height_ctrl.o(.data)
    ultra_speed_safe                         0x20000774   Data           4  height_ctrl.o(.data)
    ultra_dis_lpf                            0x20000778   Data           4  height_ctrl.o(.data)
    ultra_dis_lpf_safe                       0x2000077c   Data           4  height_ctrl.o(.data)
    ultra_ctrl_out_safe                      0x20000780   Data           4  height_ctrl.o(.data)
    ultra_ctrl_out                           0x20000784   Data           4  height_ctrl.o(.data)
    ultra_ctrl_out_use                       0x20000788   Data           4  height_ctrl.o(.data)
    baro_speed_ano                           0x2000078c   Data           4  height_ctrl.o(.data)
    height_ctrl_out                          0x20000790   Data           4  height_ctrl.o(.data)
    wz_acc                                   0x20000794   Data           4  height_ctrl.o(.data)
    adrc_out                                 0x20000798   Data           4  height_ctrl.o(.data)
    baro_cnt                                 0x2000079c   Data           4  height_ctrl.o(.data)
    switch_r                                 0x200007a0   Data           1  height_ctrl.o(.data)
    wz_acc_ukf                               0x200007a4   Data           4  height_ctrl.o(.data)
    sonar_spd                                0x200007a8   Data           4  height_ctrl.o(.data)
    BARO_HIHG_NUM                            0x200007ac   Data           1  height_ctrl.o(.data)
    baro_h_cnt                               0x200007ae   Data           4  height_ctrl.o(.data)
    baro_h_cnt1                              0x200007b2   Data           4  height_ctrl.o(.data)
    k_temp                                   0x200007b8   Data           4  height_ctrl.o(.data)
    hs_ctrl_cnt_max                          0x200007bc   Data           2  height_ctrl.o(.data)
    hold_alt_flag                            0x200007be   Data           1  height_ctrl.o(.data)
    out_timer_high                           0x200007c0   Data           4  height_ctrl.o(.data)
    in_timer_high                            0x200007c4   Data           4  height_ctrl.o(.data)
    baro_only_move                           0x200007c8   Data           4  height_ctrl.o(.data)
    baro_only_move_flt                       0x200007cc   Data           4  height_ctrl.o(.data)
    ano_temp                                 0x200007d0   Data           4  height_ctrl.o(.data)
    k_acc_ukf                                0x200007d4   Data           4  height_ctrl.o(.data)
    mid_usp                                  0x200007d8   Data           1  height_ctrl.o(.data)
    EN_TUO_ACC_FIX_H                         0x200007d9   Data           1  height_ctrl.o(.data)
    off_inner                                0x200007dc   Data           4  height_ctrl.o(.data)
    k_d                                      0x200007e0   Data           4  height_ctrl.o(.data)
    p1                                       0x200007e4   Data           4  height_ctrl.o(.data)
    p2                                       0x200007e8   Data           4  height_ctrl.o(.data)
    speed_ctrl_sel                           0x200007ec   Data           1  height_ctrl.o(.data)
    speed_spd_sel                            0x200007ed   Data           1  height_ctrl.o(.data)
    wz_speed                                 0x200007f0   Data           4  height_ctrl.o(.data)
    wz_speed_old                             0x200007f4   Data           4  height_ctrl.o(.data)
    wz_acc_mms2                              0x200007f8   Data           4  height_ctrl.o(.data)
    height_thrv                              0x200007fc   Data           4  height_ctrl.o(.data)
    wz_speed_pid_v_view                      0x20000800   Data           4  height_ctrl.o(.data)
    wz_speed_pid_v_view_eso                  0x20000804   Data           4  height_ctrl.o(.data)
    d_view                                   0x20000808   Data           4  height_ctrl.o(.data)
    ero_view                                 0x2000080c   Data           8  height_ctrl.o(.data)
    baro_ctrl_start                          0x20000814   Data           1  height_ctrl.o(.data)
    baro_height                              0x20000818   Data           4  height_ctrl.o(.data)
    baro_height_old                          0x2000081c   Data           4  height_ctrl.o(.data)
    ultra_speed_bmp                          0x20000820   Data           4  height_ctrl.o(.data)
    ultra_sp_test                            0x20000824   Data           8  height_ctrl.o(.data)
    k_dh                                     0x2000082c   Data           4  height_ctrl.o(.data)
    nav_circle                               0x2000087c   Data           8  visual_contol.o(.data)
    nav_circle_last                          0x20000884   Data           8  visual_contol.o(.data)
    circle_check                             0x2000088c   Data           4  visual_contol.o(.data)
    circle_lfp                               0x20000890   Data           4  visual_contol.o(.data)
    nav                                      0x20000894   Data           8  visual_contol.o(.data)
    GPS_angle                                0x2000089c   Data           8  visual_contol.o(.data)
    target_position                          0x200008a4   Data           8  visual_contol.o(.data)
    now_position                             0x200008ac   Data           8  visual_contol.o(.data)
    actual_speed                             0x200008b4   Data           8  visual_contol.o(.data)
    tar_speed                                0x200008bc   Data           8  visual_contol.o(.data)
    tar_speed_avoidc                         0x200008c4   Data           8  visual_contol.o(.data)
    d_flow_watch                             0x200008cc   Data           8  visual_contol.o(.data)
    integrator                               0x200008d4   Data           8  visual_contol.o(.data)
    k_break                                  0x200008dc   Data           4  visual_contol.o(.data)
    k_flt_break                              0x200008e0   Data           4  visual_contol.o(.data)
    cnt_sb_sample_max                        0x200008e4   Data           1  visual_contol.o(.data)
    scale_flow_rc                            0x200008e8   Data           4  visual_contol.o(.data)
    r_circle                                 0x200008ec   Data           4  visual_contol.o(.data)
    d_angle                                  0x200008f0   Data           4  visual_contol.o(.data)
    circle_angle                             0x200008f4   Data           4  visual_contol.o(.data)
    yaw_qr_off                               0x200008f8   Data           4  visual_contol.o(.data)
    out_timer_nav                            0x200008fc   Data           4  visual_contol.o(.data)
    in_timer_nav                             0x20000900   Data           4  visual_contol.o(.data)
    mode_change                              0x20000904   Data           1  visual_contol.o(.data)
    AUTO_UP_CUARVE                           0x20000906   Data          18  visual_contol.o(.data)
    AUTO_DOWN_CUARVE                         0x20000918   Data          12  visual_contol.o(.data)
    AUTO_DOWN_CUARVE1                        0x20000924   Data          12  visual_contol.o(.data)
    SONAR_SET_HIGHT                          0x20000930   Data           4  visual_contol.o(.data)
    AUTO_FLY_HEIGHT                          0x20000934   Data           4  visual_contol.o(.data)
    SONAR_CHECK_DEAD                         0x20000938   Data           4  visual_contol.o(.data)
    AUTO_LAND_HEIGHT_1                       0x2000093c   Data           4  visual_contol.o(.data)
    AUTO_LAND_HEIGHT_2                       0x20000940   Data           4  visual_contol.o(.data)
    AUTO_LAND_HEIGHT_3                       0x20000944   Data           4  visual_contol.o(.data)
    MINE_LAND_HIGH                           0x20000948   Data           4  visual_contol.o(.data)
    AUTO_LAND_SPEED_DEAD                     0x2000094c   Data           4  visual_contol.o(.data)
    state_v                                  0x20000950   Data           1  visual_contol.o(.data)
    baro_ground_high                         0x20000954   Data           4  visual_contol.o(.data)
    fast_atan_table                          0x20000a00   Data        1028  my_math.o(.data)
    K_yaw                                    0x20000e10   Data           4  imu1.o(.data)
    Roll                                     0x20000e14   Data           4  imu1.o(.data)
    Pitch                                    0x20000e18   Data           4  imu1.o(.data)
    Yaw                                      0x20000e1c   Data           4  imu1.o(.data)
    Roll_mid_down                            0x20000e20   Data           4  imu1.o(.data)
    Pitch_mid_down                           0x20000e24   Data           4  imu1.o(.data)
    Yaw_mid_down                             0x20000e28   Data           4  imu1.o(.data)
    ref_q                                    0x20000e2c   Data          16  imu1.o(.data)
    q0_m                                     0x20000e3c   Data           4  imu1.o(.data)
    q1_m                                     0x20000e40   Data           4  imu1.o(.data)
    q2_m                                     0x20000e44   Data           4  imu1.o(.data)
    q3_m                                     0x20000e48   Data           4  imu1.o(.data)
    q0                                       0x20000e4c   Data           4  imu1.o(.data)
    q1                                       0x20000e50   Data           4  imu1.o(.data)
    q2                                       0x20000e54   Data           4  imu1.o(.data)
    q3                                       0x20000e58   Data           4  imu1.o(.data)
    ref_q_imd_down                           0x20000e5c   Data          16  imu1.o(.data)
    Kp                                       0x20000e6c   Data           4  imu1.o(.data)
    Ki                                       0x20000e70   Data           4  imu1.o(.data)
    norm_acc                                 0x20000e74   Data           4  imu1.o(.data)
    norm_q                                   0x20000e78   Data           4  imu1.o(.data)
    norm_acc_lpf                             0x20000e7c   Data           4  imu1.o(.data)
    test_flag                                0x20000e80   Data          12  imu1.o(.data)
    test_flag1                               0x20000e8c   Data          12  imu1.o(.data)
    test_flag2                               0x20000e98   Data          12  imu1.o(.data)
    mag_norm                                 0x20000ea4   Data           4  imu1.o(.data)
    mag_norm_xyz                             0x20000ea8   Data           4  imu1.o(.data)
    gh_yaw                                   0x20000eac   Data           4  imu1.o(.data)
    ga_yaw                                   0x20000eb0   Data           4  imu1.o(.data)
    gw_yaw                                   0x20000eb4   Data           4  imu1.o(.data)
    yaw_kf                                   0x20000eb8   Data           4  imu1.o(.data)
    P_kf_yaw                                 0x20000ec0   Data          32  imu1.o(.data)
    k_kf_z                                   0x20000ee0   Data           4  imu1.o(.data)
    yaw_cross                                0x20000ee4   Data           1  imu1.o(.data)
    dis_angle_lock                           0x20000ee5   Data           1  imu1.o(.data)
    beta                                     0x20000ee8   Data           4  imu1.o(.data)
    q0_m_fc                                  0x20000eec   Data           4  imu1.o(.data)
    q1_m_fc                                  0x20000ef0   Data           4  imu1.o(.data)
    q2_m_fc                                  0x20000ef4   Data           4  imu1.o(.data)
    q3_m_fc                                  0x20000ef8   Data           4  imu1.o(.data)
    q0_fc                                    0x20000efc   Data           4  imu1.o(.data)
    q1_fc                                    0x20000f00   Data           4  imu1.o(.data)
    q2_fc                                    0x20000f04   Data           4  imu1.o(.data)
    q3_fc                                    0x20000f08   Data           4  imu1.o(.data)
    ref_q_imd_down_fc                        0x20000f0c   Data          16  imu1.o(.data)
    twoKp                                    0x20000f1c   Data           4  imu1.o(.data)
    twoKi                                    0x20000f20   Data           4  imu1.o(.data)
    twoKp_s                                  0x20000f24   Data           4  imu1.o(.data)
    integralFBx                              0x20000f28   Data           4  imu1.o(.data)
    integralFBy                              0x20000f2c   Data           4  imu1.o(.data)
    integralFBz                              0x20000f30   Data           4  imu1.o(.data)
    ALT_POS_BMP                              0x20000f48   Data           4  alt_kf.o(.data)
    ALT_VEL_BMP                              0x20000f4c   Data           4  alt_kf.o(.data)
    ALT_POS_SONAR                            0x20000f50   Data           4  alt_kf.o(.data)
    ALT_VEL_SONAR                            0x20000f54   Data           4  alt_kf.o(.data)
    ALT_POS_SONAR2                           0x20000f58   Data           4  alt_kf.o(.data)
    ALT_POS_SONAR3                           0x20000f5c   Data           4  alt_kf.o(.data)
    ALT_POS_BMP_EKF                          0x20000f60   Data           4  alt_kf.o(.data)
    ALT_VEL_BMP_EKF                          0x20000f64   Data           4  alt_kf.o(.data)
    ALT_POS_BMP_UKF_OLDX                     0x20000f68   Data           4  alt_kf.o(.data)
    ALT_VEL_BMP_UKF_OLDX                     0x20000f6c   Data           4  alt_kf.o(.data)
    P_baro                                   0x20000f70   Data          72  alt_kf.o(.data)
    P_barob                                  0x20000fb8   Data         128  alt_kf.o(.data)
    gh                                       0x20001038   Data           4  alt_kf.o(.data)
    ga                                       0x2000103c   Data           4  alt_kf.o(.data)
    gwa                                      0x20001040   Data           4  alt_kf.o(.data)
    P_kf_baro                                0x20001048   Data          72  alt_kf.o(.data)
    r_baro_ukf                               0x20001090   Data          16  alt_kf.o(.data)
    q_baro_ukf                               0x200010a0   Data          16  alt_kf.o(.data)
    dead_accz                                0x200010b0   Data           4  alt_kf.o(.data)
    acc_off_baro                             0x200010b4   Data           4  alt_kf.o(.data)
    acc_scale_bmp                            0x200010b8   Data           4  alt_kf.o(.data)
    k_flt_accz                               0x200010bc   Data           4  alt_kf.o(.data)
    acc_bmp                                  0x200010c0   Data           4  alt_kf.o(.data)
    X_apo_height                             0x200010c4   Data           8  alt_kf.o(.data)
    P_apo_k_height                           0x200010cc   Data          16  alt_kf.o(.data)
    k_bais                                   0x200010dc   Data           4  alt_kf.o(.data)
    k_bais2                                  0x200010e0   Data           4  alt_kf.o(.data)
    r_baro                                   0x200010e4   Data           4  alt_kf.o(.data)
    r_acc                                    0x200010e8   Data           4  alt_kf.o(.data)
    x_tst                                    0x200010ec   Data           8  alt_kf.o(.data)
    p_tst                                    0x200010f4   Data           8  alt_kf.o(.data)
    kf_tst                                   0x200010fc   Data           8  alt_kf.o(.data)
    k_acc_bais                               0x20001104   Data           4  alt_kf.o(.data)
    w_z_baro                                 0x20001108   Data           4  alt_kf.o(.data)
    w_acc_bias                               0x2000110c   Data           4  alt_kf.o(.data)
    flag_ero                                 0x20001110   Data           4  alt_kf.o(.data)
    Alt_Offset_m1                            0x20001114   Data           4  alt_kf.o(.data)
    en_bias_fix                              0x20001118   Data           4  alt_kf.o(.data)
    flt_body_acc                             0x2000111c   Data           4  alt_kf.o(.data)
    k_body_acc                               0x20001120   Data           4  alt_kf.o(.data)
    A                                        0x20001130   Data           8  sonar_avoid.o(.data)
    A_dead                                   0x20001138   Data           8  sonar_avoid.o(.data)
    max_try                                  0x20001140   Data           4  sonar_avoid.o(.data)
    need_avoid                               0x20001144   Data           1  sonar_avoid.o(.data)
    flt_avoid                                0x20001148   Data           4  sonar_avoid.o(.data)
    TRC_DEAD                                 0x2000114c   Data           2  sonar_avoid.o(.data)
    DIS_MAX                                  0x2000114e   Data           2  sonar_avoid.o(.data)
    DIS_MIN                                  0x20001150   Data           2  sonar_avoid.o(.data)
    en_trace_test                            0x20001152   Data           1  sonar_avoid.o(.data)
    x_mid                                    0x20001158   Data           8  sonar_avoid.o(.data)
    y_mid                                    0x20001160   Data           8  sonar_avoid.o(.data)
    r_mid                                    0x20001168   Data           8  sonar_avoid.o(.data)
    sonar_avoid_c                            0x20001170   Data           8  sonar_avoid.o(.data)
    rtInf                                    0x20001178   Data           8  rt_nonfinite.o(.data)
    rtMinusInf                               0x20001180   Data           8  rt_nonfinite.o(.data)
    rtNaN                                    0x20001188   Data           8  rt_nonfinite.o(.data)
    rtInfF                                   0x20001190   Data           4  rt_nonfinite.o(.data)
    rtMinusInfF                              0x20001194   Data           4  rt_nonfinite.o(.data)
    rtNaNF                                   0x20001198   Data           4  rt_nonfinite.o(.data)
    START_TASK_STK                           0x2000119c   Data         256  main.o(.bss)
    mcuID                                    0x2000129c   Data          12  main.o(.bss)
    MsgGrp                                   0x200012a8   Data        1024  main.o(.bss)
    fRPY                                     0x20001768   Data          12  ucos_task.o(.bss)
    Rc_Pwm_In                                0x20001774   Data          16  ucos_task.o(.bss)
    INNER_TASK_STK                           0x20001784   Data        1024  ucos_task.o(.bss)
    OUTER_TASK_STK                           0x20001b84   Data        1536  ucos_task.o(.bss)
    EKF_TASK_STK                             0x20002184   Data        1024  ucos_task.o(.bss)
    POS_TASK_STK                             0x20002584   Data        2048  ucos_task.o(.bss)
    NRF_TASK_STK                             0x20002d84   Data         768  ucos_task.o(.bss)
    BARO_TASK_STK                            0x20003084   Data        2048  ucos_task.o(.bss)
    ROS_TASK_STK                             0x20003884   Data         512  ucos_task.o(.bss)
    IDENT_TASK_STK                           0x20003a84   Data         512  ucos_task.o(.bss)
    UART_TASK_STK                            0x20003c84   Data        1024  ucos_task.o(.bss)
    ERROR_TASK_STK                           0x20004084   Data         256  ucos_task.o(.bss)
    OSEventTbl                               0x20004184   Data         200  os_core.o(.bss)
    OSFlagTbl                                0x2000424c   Data          80  os_core.o(.bss)
    OSTaskStatStk                            0x2000429c   Data         512  os_core.o(.bss)
    OSTaskIdleStk                            0x2000449c   Data         512  os_core.o(.bss)
    OSTCBPrioTbl                             0x2000469c   Data         256  os_core.o(.bss)
    OSTCBTbl                                 0x2000479c   Data        1848  os_core.o(.bss)
    OSQTbl                                   0x20004ed4   Data         120  os_core.o(.bss)
    OSTmrTbl                                 0x20004f4c   Data         640  os_core.o(.bss)
    OSTmrTaskStk                             0x200051cc   Data         512  os_core.o(.bss)
    OSTmrWheelTbl                            0x200053cc   Data          64  os_core.o(.bss)
    W25QXX_BUFFER                            0x2000540c   Data        4096  flash.o(.bss)
    FLASH_READ_BUF                           0x2000640c   Data          50  flash.o(.bss)
    FLASH_Buffer                             0x2000643e   Data          50  flash.o(.bss)
    Cycle_T                                  0x20006470   Data         240  time.o(.bss)
    RX_CH                                    0x200065a8   Data          16  rc_mine.o(.bss)
    RX_CH_PWM                                0x200065b8   Data          16  rc_mine.o(.bss)
    RX_CH_FIX                                0x200065c8   Data          16  rc_mine.o(.bss)
    RX_CH_FIX_PWM                            0x200065d8   Data          16  rc_mine.o(.bss)
    CH                                       0x200065e8   Data          16  rc_mine.o(.bss)
    CH_Old                                   0x200065f8   Data          32  rc_mine.o(.bss)
    CH_filter                                0x20006618   Data          32  rc_mine.o(.bss)
    CH_filter_Old                            0x20006638   Data          32  rc_mine.o(.bss)
    CH_filter_D                              0x20006658   Data          32  rc_mine.o(.bss)
    CLR_CH_Error                             0x20006678   Data          16  rc_mine.o(.bss)
    NRF24L01_RXDATA                          0x20006688   Data          32  rc_mine.o(.bss)
    NRF24L01_TXDATA                          0x200066a8   Data          32  rc_mine.o(.bss)
    key_rc_reg                               0x200066c8   Data         105  rc_mine.o(.bss)
    RC_GET                                   0x20006734   Data          64  rc_mine.o(.bss)
    ypr_sb                                   0x20006774   Data          12  rc_mine.o(.bss)
    color                                    0x20006790   Data          20  usart_fc.o(.bss)
    HPID                                     0x200067a4   Data          18  usart_fc.o(.bss)
    SPID                                     0x200067b6   Data          18  usart_fc.o(.bss)
    FIX_PID                                  0x200067c8   Data          18  usart_fc.o(.bss)
    NAV_PID                                  0x200067da   Data          18  usart_fc.o(.bss)
    HPID_app                                 0x200067ec   Data          18  usart_fc.o(.bss)
    SPID_app                                 0x200067fe   Data          18  usart_fc.o(.bss)
    FIX_PID_app                              0x20006810   Data          18  usart_fc.o(.bss)
    NAV_PID_app                              0x20006822   Data          18  usart_fc.o(.bss)
    pid                                      0x20006834   Data         320  usart_fc.o(.bss)
    Rc_Get                                   0x20006974   Data          24  usart_fc.o(.bss)
    Rc_Get_PWM                               0x2000698c   Data          24  usart_fc.o(.bss)
    plane                                    0x200069a4   Data         116  usart_fc.o(.bss)
    slam                                     0x20006a18   Data          20  usart_fc.o(.bss)
    imu_nav                                  0x20006a2c   Data         100  usart_fc.o(.bss)
    mode                                     0x20006a90   Data          85  usart_fc.o(.bss)
    flow_debug                               0x20006ae8   Data          40  usart_fc.o(.bss)
    flow_matlab_data                         0x20006b10   Data          16  usart_fc.o(.bss)
    TxBuffer                                 0x20006b20   Data         256  usart_fc.o(.bss)
    Rx_Buf                                   0x20006c20   Data         256  usart_fc.o(.bss)
    RxBuffer                                 0x20006d20   Data          50  usart_fc.o(.bss)
    TxBuffer5                                0x20006d52   Data         256  usart_fc.o(.bss)
    Rx_Buf5                                  0x20006e52   Data         256  usart_fc.o(.bss)
    RxBuffer5                                0x20006f52   Data          50  usart_fc.o(.bss)
    DEBUG                                    0x20006f84   Data         140  usart_fc.o(.bss)
    Rx_Buf_app                               0x20007010   Data         256  usart_fc.o(.bss)
    RxBuffer_app                             0x20007110   Data          50  usart_fc.o(.bss)
    Rx_Buf4                                  0x20007142   Data         256  usart_fc.o(.bss)
    RxBuffer4                                0x20007242   Data          50  usart_fc.o(.bss)
    Rx_Buf3                                  0x20007274   Data         256  usart_fc.o(.bss)
    RxBuffer3                                0x20007374   Data          50  usart_fc.o(.bss)
    BLE_DEBUG                                0x200073a6   Data          32  usart_fc.o(.bss)
    SendBuff1                                0x200073c6   Data          96  usart_fc.o(.bss)
    SendBuff2                                0x20007426   Data          40  usart_fc.o(.bss)
    SendBuff3                                0x2000744e   Data          32  usart_fc.o(.bss)
    SendBuff4                                0x2000746e   Data          64  usart_fc.o(.bss)
    HMC5883_FIFO                             0x200075a0   Data          66  hml_sample.o(.bss)
    mpu6050_fc                               0x200075f0   Data         124  mpu6050.o(.bss)
    mpu6050                                  0x2000766c   Data         124  mpu6050.o(.bss)
    mpu6050_r                                0x200076e8   Data         124  mpu6050.o(.bss)
    mpu6050_fc_r                             0x20007764   Data         124  mpu6050.o(.bss)
    mpu6050_buffer                           0x200077e0   Data          14  mpu6050.o(.bss)
    sum_temp                                 0x200077f0   Data          28  mpu6050.o(.bss)
    FILT_BUF                                 0x200079f0   Data         154  mpu6050.o(.bss)
    mpu6050_tmp                              0x20007a8c   Data          28  mpu6050.o(.bss)
    mpu6050_tmp_acc_circle                   0x20007aa8   Data          28  mpu6050.o(.bss)
    mpu_fil_tmp                              0x20007ac4   Data          28  mpu6050.o(.bss)
    mpu_fil_tmp_acc_circle                   0x20007ae0   Data          28  mpu6050.o(.bss)
    cycle_hml_cal                            0x20007b08   Data         220  hml_cal.o(.bss)
    matrix_Q                                 0x20007be4   Data         576  hml_cal.o(.bss)
    matrix_A                                 0x20007e28   Data        2304  hml_cal.o(.bss)
    matrix_b                                 0x20008728   Data         384  hml_cal.o(.bss)
    matrix_x                                 0x200088a8   Data         384  hml_cal.o(.bss)
    matrix_M                                 0x20008a28   Data         448  hml_cal.o(.bss)
    ctrl_1                                   0x20008be8   Data         196  att_control.o(.bss)
    ctrl_2                                   0x20008cac   Data         196  att_control.o(.bss)
    ctrl_2_fuzzy                             0x20008d70   Data         196  att_control.o(.bss)
    except_A                                 0x20008e34   Data          12  att_control.o(.bss)
    except_AR                                0x20008e40   Data          12  att_control.o(.bss)
    ctrl_angle_offset                        0x20008e4c   Data          12  att_control.o(.bss)
    compensation                             0x20008e58   Data          12  att_control.o(.bss)
    except_AS                                0x20008e64   Data          12  att_control.o(.bss)
    g_old                                    0x20008e70   Data          28  att_control.o(.bss)
    motor                                    0x20008e8c   Data          24  att_control.o(.bss)
    posture_value                            0x20008ea4   Data          24  att_control.o(.bss)
    curve                                    0x20008ebc   Data          24  att_control.o(.bss)
    motor_out                                0x20008ed4   Data          12  att_control.o(.bss)
    posture_value_test                       0x20008ee0   Data          24  att_control.o(.bss)
    ESO_BMP                                  0x20008f28   Data         120  eso.o(.bss)
    eso_att_outter                           0x20008fa0   Data         480  eso.o(.bss)
    eso_att_inner                            0x20009180   Data         480  eso.o(.bss)
    eso_att_outter_c                         0x20009360   Data         480  eso.o(.bss)
    eso_att_inner_c                          0x20009540   Data         480  eso.o(.bss)
    wz_speed_pid_v                           0x20009720   Data          20  height_ctrl.o(.bss)
    wz_speed_pid_v_safe                      0x20009734   Data          20  height_ctrl.o(.bss)
    wz_speed_pid_v_eso                       0x20009748   Data          20  height_ctrl.o(.bss)
    ultra_ctrl                               0x2000975c   Data          20  height_ctrl.o(.bss)
    ultra_ctrl_safe                          0x20009770   Data          20  height_ctrl.o(.bss)
    wz_speed_pid                             0x20009784   Data          12  height_ctrl.o(.bss)
    wz_speed_pid_safe                        0x20009790   Data          12  height_ctrl.o(.bss)
    wz_speed_pid_use                         0x2000979c   Data          12  height_ctrl.o(.bss)
    ultra_pid_safe                           0x200097a8   Data          12  height_ctrl.o(.bss)
    ultra_pid                                0x200097b4   Data          12  height_ctrl.o(.bss)
    ultra_pid_use                            0x200097c0   Data          12  height_ctrl.o(.bss)
    baro_speed_arr                           0x200097cc   Data         204  height_ctrl.o(.bss)
    baro_h_arr                               0x20009898   Data         404  height_ctrl.o(.bss)
    baro_h_arr1                              0x20009a2c   Data         404  height_ctrl.o(.bss)
    circle                                   0x20009bc0   Data          72  visual_contol.o(.bss)
    track                                    0x20009c08   Data          72  visual_contol.o(.bss)
    marker                                   0x20009c50   Data          76  visual_contol.o(.bss)
    acc_temp                                 0x20009c9c   Data          12  visual_contol.o(.bss)
    nav_pos_pid                              0x20009ca8   Data          20  visual_contol.o(.bss)
    nav_spd_pid                              0x20009cbc   Data          20  visual_contol.o(.bss)
    nav_pos_ctrl                             0x20009cd0   Data          64  visual_contol.o(.bss)
    nav_spd_ctrl                             0x20009d10   Data          64  visual_contol.o(.bss)
    cnt                                      0x20009d50   Data          20  visual_contol.o(.bss)
    nav_land                                 0x20009d64   Data          12  visual_contol.o(.bss)
    Rc_Pwm_Inr_mine                          0x20009d70   Data          16  visual_contol.o(.bss)
    Rc_Pwm_Out_mine                          0x20009d80   Data          16  visual_contol.o(.bss)
    angle_imu_dj                             0x20009d90   Data          12  visual_contol.o(.bss)
    med_filter_tmp                           0x20009d9c   Data        6000  my_math.o(.bss)
    med_filter_out                           0x2000b50c   Data         120  my_math.o(.bss)
    med_fil_cnt                              0x2000b584   Data          30  my_math.o(.bss)
    e_R                                      0x2000b5a4   Data          12  quaternion.o(.bss)
    exp_angle                                0x2000b5b0   Data          12  quaternion.o(.bss)
    ero_angle_px4                            0x2000b5bc   Data          16  quaternion.o(.bss)
    angle_now                                0x2000b5cc   Data          12  quaternion.o(.bss)
    Q_control                                0x2000b5d8   Data          32  quaternion.o(.bss)
    R_control_set                            0x2000b5f8   Data          36  quaternion.o(.bss)
    R_control_ero                            0x2000b61c   Data          36  quaternion.o(.bss)
    R_control_now                            0x2000b640   Data          36  quaternion.o(.bss)
    R_control_now_t                          0x2000b664   Data          36  quaternion.o(.bss)
    q_nav                                    0x2000b688   Data          16  imu1.o(.bss)
    reference_v_fc                           0x2000b698   Data          12  imu1.o(.bss)
    reference_v                              0x2000b6a4   Data          12  imu1.o(.bss)
    ref                                      0x2000b6b0   Data          60  imu1.o(.bss)
    reference_vr                             0x2000b6ec   Data          12  imu1.o(.bss)
    reference_vr_fc                          0x2000b6f8   Data          12  imu1.o(.bss)
    yaw_mag_view                             0x2000b704   Data          20  imu1.o(.bss)
    reference_vr_imd_down                    0x2000b718   Data          12  imu1.o(.bss)
    mag_sim_3d                               0x2000b724   Data          12  imu1.o(.bss)
    X_kf_yaw                                 0x2000b730   Data          16  imu1.o(.bss)
    reference_vr_imd_down_fc                 0x2000b740   Data          12  imu1.o(.bss)
    X_ukf_baro                               0x2000b758   Data          24  alt_kf.o(.bss)
    X_ukf_barob                              0x2000b770   Data          32  alt_kf.o(.bss)
    X_kf_baro                                0x2000b790   Data          24  alt_kf.o(.bss)
    acc_body                                 0x2000b7a8   Data          12  alt_kf.o(.bss)
    acc_bias                                 0x2000b7b4   Data          12  alt_kf.o(.bss)
    accel_bias_corr                          0x2000b7c0   Data          12  alt_kf.o(.bss)
    DIS_IN_TEST                              0x2000b7d0   Data          64  sonar_avoid.o(.bss)
    DIS_IN                                   0x2000b810   Data         160  sonar_avoid.o(.bss)
    avoid_trace                              0x2000b8b0   Data          12  sonar_avoid.o(.bss)
    sonar_avoid                              0x2000b8bc   Data          32  sonar_avoid.o(.bss)
    __libspace_start                         0x2000b8dc   Data          96  libspace.o(.bss)
    __temporary_stack_top$libspace           0x2000b93c   Data           0  libspace.o(.bss)



==============================================================================

Memory Map of the image

  Image Entry point : 0x08000189

  Load Region LR_IROM1 (Base: 0x08000000, Size: 0x0002edac, Max: 0x00100000, ABSOLUTE, COMPRESSED[0x0002e314])

    Execution Region ER_IROM1 (Base: 0x08000000, Size: 0x0002dc10, Max: 0x00100000, ABSOLUTE)

    Base Addr    Size         Type   Attr      Idx    E Section Name        Object

    0x08000000   0x00000188   Data   RO          484    RESET               startup_stm32f40_41xxx.o
    0x08000188   0x00000008   Code   RO         2716  * !!!main             c_w.l(__main.o)
    0x08000190   0x00000034   Code   RO         3142    !!!scatter          c_w.l(__scatter.o)
    0x080001c4   0x0000005a   Code   RO         3140    !!dczerorl2         c_w.l(__dczerorl2.o)
    0x0800021e   0x00000002   PAD
    0x08000220   0x0000001c   Code   RO         3144    !!handler_zi        c_w.l(__scatter_zi.o)
    0x0800023c   0x00000002   Code   RO         3005    .ARM.Collect$$libinit$$00000000  c_w.l(libinit.o)
    0x0800023e   0x00000004   Code   RO         3014    .ARM.Collect$$libinit$$00000001  c_w.l(libinit2.o)
    0x08000242   0x00000000   Code   RO         3017    .ARM.Collect$$libinit$$00000004  c_w.l(libinit2.o)
    0x08000242   0x00000000   Code   RO         3020    .ARM.Collect$$libinit$$0000000A  c_w.l(libinit2.o)
    0x08000242   0x00000000   Code   RO         3022    .ARM.Collect$$libinit$$0000000C  c_w.l(libinit2.o)
    0x08000242   0x00000000   Code   RO         3024    .ARM.Collect$$libinit$$0000000E  c_w.l(libinit2.o)
    0x08000242   0x00000000   Code   RO         3027    .ARM.Collect$$libinit$$00000011  c_w.l(libinit2.o)
    0x08000242   0x00000000   Code   RO         3029    .ARM.Collect$$libinit$$00000013  c_w.l(libinit2.o)
    0x08000242   0x00000000   Code   RO         3031    .ARM.Collect$$libinit$$00000015  c_w.l(libinit2.o)
    0x08000242   0x00000000   Code   RO         3033    .ARM.Collect$$libinit$$00000017  c_w.l(libinit2.o)
    0x08000242   0x00000000   Code   RO         3035    .ARM.Collect$$libinit$$00000019  c_w.l(libinit2.o)
    0x08000242   0x00000000   Code   RO         3037    .ARM.Collect$$libinit$$0000001B  c_w.l(libinit2.o)
    0x08000242   0x00000000   Code   RO         3039    .ARM.Collect$$libinit$$0000001D  c_w.l(libinit2.o)
    0x08000242   0x00000000   Code   RO         3041    .ARM.Collect$$libinit$$0000001F  c_w.l(libinit2.o)
    0x08000242   0x00000000   Code   RO         3043    .ARM.Collect$$libinit$$00000021  c_w.l(libinit2.o)
    0x08000242   0x00000000   Code   RO         3045    .ARM.Collect$$libinit$$00000023  c_w.l(libinit2.o)
    0x08000242   0x00000000   Code   RO         3047    .ARM.Collect$$libinit$$00000025  c_w.l(libinit2.o)
    0x08000242   0x00000000   Code   RO         3051    .ARM.Collect$$libinit$$0000002C  c_w.l(libinit2.o)
    0x08000242   0x00000000   Code   RO         3053    .ARM.Collect$$libinit$$0000002E  c_w.l(libinit2.o)
    0x08000242   0x00000000   Code   RO         3055    .ARM.Collect$$libinit$$00000030  c_w.l(libinit2.o)
    0x08000242   0x00000000   Code   RO         3057    .ARM.Collect$$libinit$$00000032  c_w.l(libinit2.o)
    0x08000242   0x00000002   Code   RO         3058    .ARM.Collect$$libinit$$00000033  c_w.l(libinit2.o)
    0x08000244   0x00000002   Code   RO         3090    .ARM.Collect$$libshutdown$$00000000  c_w.l(libshutdown.o)
    0x08000246   0x00000000   Code   RO         3107    .ARM.Collect$$libshutdown$$00000002  c_w.l(libshutdown2.o)
    0x08000246   0x00000000   Code   RO         3109    .ARM.Collect$$libshutdown$$00000004  c_w.l(libshutdown2.o)
    0x08000246   0x00000000   Code   RO         3112    .ARM.Collect$$libshutdown$$00000007  c_w.l(libshutdown2.o)
    0x08000246   0x00000000   Code   RO         3115    .ARM.Collect$$libshutdown$$0000000A  c_w.l(libshutdown2.o)
    0x08000246   0x00000000   Code   RO         3117    .ARM.Collect$$libshutdown$$0000000C  c_w.l(libshutdown2.o)
    0x08000246   0x00000000   Code   RO         3120    .ARM.Collect$$libshutdown$$0000000F  c_w.l(libshutdown2.o)
    0x08000246   0x00000002   Code   RO         3121    .ARM.Collect$$libshutdown$$00000010  c_w.l(libshutdown2.o)
    0x08000248   0x00000000   Code   RO         2882    .ARM.Collect$$rtentry$$00000000  c_w.l(__rtentry.o)
    0x08000248   0x00000000   Code   RO         2966    .ARM.Collect$$rtentry$$00000002  c_w.l(__rtentry2.o)
    0x08000248   0x00000006   Code   RO         2978    .ARM.Collect$$rtentry$$00000004  c_w.l(__rtentry4.o)
    0x0800024e   0x00000000   Code   RO         2968    .ARM.Collect$$rtentry$$00000009  c_w.l(__rtentry2.o)
    0x0800024e   0x00000004   Code   RO         2969    .ARM.Collect$$rtentry$$0000000A  c_w.l(__rtentry2.o)
    0x08000252   0x00000000   Code   RO         2971    .ARM.Collect$$rtentry$$0000000C  c_w.l(__rtentry2.o)
    0x08000252   0x00000008   Code   RO         2972    .ARM.Collect$$rtentry$$0000000D  c_w.l(__rtentry2.o)
    0x0800025a   0x00000002   Code   RO         3008    .ARM.Collect$$rtexit$$00000000  c_w.l(rtexit.o)
    0x0800025c   0x00000000   Code   RO         3062    .ARM.Collect$$rtexit$$00000002  c_w.l(rtexit2.o)
    0x0800025c   0x00000004   Code   RO         3063    .ARM.Collect$$rtexit$$00000003  c_w.l(rtexit2.o)
    0x08000260   0x00000006   Code   RO         3064    .ARM.Collect$$rtexit$$00000004  c_w.l(rtexit2.o)
    0x08000266   0x00000002   PAD
    0x08000268   0x00000464   Code   RO            3    .text               main.o
    0x080006cc   0x00000754   Code   RO          301    .text               parameter.o
    0x08000e20   0x000024a4   Code   RO          426    .text               ucos_task.o
    0x080032c4   0x00000040   Code   RO          485    .text               startup_stm32f40_41xxx.o
    0x08003304   0x00000016   Code   RO          491    .text               stm32f4xx_it.o
    0x0800331a   0x00000002   PAD
    0x0800331c   0x00000108   Code   RO          540    .text               delay.o
    0x08003424   0x00000210   Code   RO          562    .text               system_stm32f4xx.o
    0x08003634   0x000000e0   Code   RO          606    .text               misc.o
    0x08003714   0x00000294   Code   RO          626    .text               stm32f4xx_gpio.o
    0x080039a8   0x0000065c   Code   RO          669    .text               stm32f4xx_rcc.o
    0x08004004   0x00000454   Code   RO          711    .text               stm32f4xx_usart.o
    0x08004458   0x00000ca2   Code   RO          731    .text               stm32f4xx_tim.o
    0x080050fa   0x00000002   PAD
    0x080050fc   0x00000480   Code   RO          811    .text               stm32f4xx_spi.o
    0x0800557c   0x000003a8   Code   RO          831    .text               stm32f4xx_dma.o
    0x08005924   0x00000894   Code   RO          871    .text               os_core.o
    0x080061b8   0x0000080c   Code   RO          899    .text               os_flag.o
    0x080069c4   0x000003cc   Code   RO          919    .text               os_mbox.o
    0x08006d90   0x000005e8   Code   RO          973    .text               os_q.o
    0x08007378   0x0000038c   Code   RO          993    .text               os_sem.o
    0x08007704   0x000007c4   Code   RO         1013    .text               os_task.o
    0x08007ec8   0x000001b0   Code   RO         1033    .text               os_time.o
    0x08008078   0x00000634   Code   RO         1053    .text               os_tmr.o
    0x080086ac   0x000000c8   Code   RO         1071    .text               os_cpu_a.o
    0x08008774   0x000001e8   Code   RO         1076    .text               os_cpu_c.o
    0x0800895c   0x000003a8   Code   RO         1106    .text               iic.o
    0x08008d04   0x00000424   Code   RO         1136    .text               iic1.o
    0x08009128   0x000008b4   Code   RO         1266    .text               flash.o
    0x080099dc   0x000000e8   Code   RO         1293    .text               dma.o
    0x08009ac4   0x0000037c   Code   RO         1316    .text               pwm_out.o
    0x08009e40   0x000001dc   Code   RO         1498    .text               time.o
    0x0800a01c   0x000003fc   Code   RO         1529    .text               error.o
    0x0800a418   0x00001a04   Code   RO         1556    .text               rc_mine.o
    0x0800be1c   0x00007ad0   Code   RO         1611    .text               usart_fc.o
    0x080138ec   0x00000974   Code   RO         1643    .text               hml_sample.o
    0x08014260   0x00000bc8   Code   RO         1831    .text               mpu6050.o
    0x08014e28   0x0000077c   Code   RO         1870    .text               ms5611_2.o
    0x080155a4   0x0000110c   Code   RO         1918    .text               hml_cal.o
    0x080166b0   0x00002c88   Code   RO         1945    .text               att_control.o
    0x08019338   0x00001ad0   Code   RO         1999    .text               eso.o
    0x0801ae08   0x000017a8   Code   RO         2065    .text               height_ctrl.o
    0x0801c5b0   0x000045d4   Code   RO         2150    .text               visual_contol.o
    0x08020b84   0x000013f8   Code   RO         2199    .text               fastmath.o
    0x08021f7c   0x00000b58   Code   RO         2273    .text               my_math.o
    0x08022ad4   0x000021e8   Code   RO         2297    .text               quaternion.o
    0x08024cbc   0x00001964   Code   RO         2331    .text               imu1.o
    0x08026620   0x00000910   Code   RO         2359    .text               alt_kf.o
    0x08026f30   0x00000f40   Code   RO         2607    .text               kf_oldx_yaw.lib(kf_oldx_yaw.o)
    0x08027e70   0x00001758   Code   RO         2639    .text               kf_oldx.lib(kf_oldx.o)
    0x080295c8   0x00000100   Code   RO         2658    .text               kf_oldx_yaw.lib(rt_nonfinite.o)
    0x080296c8   0x00000134   Code   RO         2682    .text               kf_oldx_yaw.lib(rtgetinf.o)
    0x080297fc   0x000000c8   Code   RO         2694    .text               kf_oldx_yaw.lib(rtgetnan.o)
    0x080298c4   0x00000048   Code   RO         2708    .text               c_w.l(llsdiv.o)
    0x0802990c   0x00000064   Code   RO         2710    .text               c_w.l(rt_memcpy_w.o)
    0x08029970   0x0000004e   Code   RO         2712    .text               c_w.l(rt_memclr_w.o)
    0x080299be   0x00000006   Code   RO         2714    .text               c_w.l(heapauxi.o)
    0x080299c4   0x000000ee   Code   RO         2883    .text               c_w.l(lludivv7m.o)
    0x08029ab2   0x00000016   Code   RO         2885    .text               c_w.l(_rserrno.o)
    0x08029ac8   0x00000008   Code   RO         2987    .text               c_w.l(rt_errno_addr_intlibspace.o)
    0x08029ad0   0x00000008   Code   RO         2991    .text               c_w.l(libspace.o)
    0x08029ad8   0x0000004a   Code   RO         2994    .text               c_w.l(sys_stackheap_outer.o)
    0x08029b22   0x00000012   Code   RO         2998    .text               c_w.l(exit.o)
    0x08029b34   0x0000000c   Code   RO         3078    .text               c_w.l(sys_exit.o)
    0x08029b40   0x00000002   Code   RO         3095    .text               c_w.l(use_no_semi.o)
    0x08029b42   0x00000000   Code   RO         3097    .text               c_w.l(indicate_semi.o)
    0x08029b42   0x00000030   Code   RO         2933    i.__ARM_fpclassify  m_wm.l(fpclassify.o)
    0x08029b72   0x00000026   Code   RO         2935    i.__ARM_fpclassifyf  m_wm.l(fpclassifyf.o)
    0x08029b98   0x00000360   Code   RO         2754    i.__hardfp_asin     m_wm.l(asin.o)
    0x08029ef8   0x0000012c   Code   RO         2768    i.__hardfp_asinf    m_wm.l(asinf.o)
    0x0802a024   0x00000004   PAD
    0x0802a028   0x000002d8   Code   RO         2902    i.__hardfp_atan     m_wm.l(atan.o)
    0x0802a300   0x000001f0   Code   RO         2780    i.__hardfp_atan2    m_wm.l(atan2.o)
    0x0802a4f0   0x00000250   Code   RO         2792    i.__hardfp_atan2f   m_wm.l(atan2f.o)
    0x0802a740   0x000000c8   Code   RO         2804    i.__hardfp_cos      m_wm.l(cos.o)
    0x0802a808   0x00000014   Code   RO         2816    i.__hardfp_fabs     m_wm.l(fabs.o)
    0x0802a81c   0x00000004   PAD
    0x0802a820   0x00000118   Code   RO         2822    i.__hardfp_floor    m_wm.l(floor.o)
    0x0802a938   0x00000c50   Code   RO         2828    i.__hardfp_pow      m_wm.l(pow.o)
    0x0802b588   0x000000c8   Code   RO         2842    i.__hardfp_sin      m_wm.l(sin.o)
    0x0802b650   0x0000007a   Code   RO         2854    i.__hardfp_sqrt     m_wm.l(sqrt.o)
    0x0802b6ca   0x0000003a   Code   RO         2866    i.__hardfp_sqrtf    m_wm.l(sqrtf.o)
    0x0802b704   0x00000004   Code   RO         2878    i.__hardfp_sqrtl    m_wm.l(sqrtl.o)
    0x0802b708   0x00000438   Code   RO         2954    i.__ieee754_rem_pio2  m_wm.l(rred.o)
    0x0802bb40   0x00000170   Code   RO         2916    i.__kernel_cos      m_wm.l(cos_i.o)
    0x0802bcb0   0x000000f8   Code   RO         2951    i.__kernel_poly     m_wm.l(poly.o)
    0x0802bda8   0x00000130   Code   RO         2959    i.__kernel_sin      m_wm.l(sin_i.o)
    0x0802bed8   0x00000030   Code   RO         2919    i.__mathlib_dbl_divzero  m_wm.l(dunder.o)
    0x0802bf08   0x00000014   Code   RO         2920    i.__mathlib_dbl_infnan  m_wm.l(dunder.o)
    0x0802bf1c   0x00000014   Code   RO         2921    i.__mathlib_dbl_infnan2  m_wm.l(dunder.o)
    0x0802bf30   0x00000020   Code   RO         2922    i.__mathlib_dbl_invalid  m_wm.l(dunder.o)
    0x0802bf50   0x00000020   Code   RO         2923    i.__mathlib_dbl_overflow  m_wm.l(dunder.o)
    0x0802bf70   0x00000020   Code   RO         2925    i.__mathlib_dbl_underflow  m_wm.l(dunder.o)
    0x0802bf90   0x00000006   Code   RO         2938    i.__mathlib_flt_infnan  m_wm.l(funder.o)
    0x0802bf96   0x00000006   Code   RO         2939    i.__mathlib_flt_infnan2  m_wm.l(funder.o)
    0x0802bf9c   0x00000010   Code   RO         2940    i.__mathlib_flt_invalid  m_wm.l(funder.o)
    0x0802bfac   0x00000010   Code   RO         2943    i.__mathlib_flt_underflow  m_wm.l(funder.o)
    0x0802bfbc   0x00000010   Code   RO         2904    i.atan              m_wm.l(atan.o)
    0x0802bfcc   0x00000018   Code   RO         2818    i.fabs              m_wm.l(fabs.o)
    0x0802bfe4   0x0000006e   Code   RO         2856    i.sqrt              m_wm.l(sqrt.o)
    0x0802c052   0x0000003e   Code   RO         2868    i.sqrtf             m_wm.l(sqrtf.o)
    0x0802c090   0x00000018   Code   RO         2718    x$fpl$basic         fz_wm.l(basic.o)
    0x0802c0a8   0x00000062   Code   RO         2720    x$fpl$d2f           fz_wm.l(d2f.o)
    0x0802c10a   0x00000002   PAD
    0x0802c10c   0x00000150   Code   RO         2722    x$fpl$dadd          fz_wm.l(daddsub_clz.o)
    0x0802c25c   0x00000010   Code   RO         2989    x$fpl$dcheck1       fz_wm.l(dcheck1.o)
    0x0802c26c   0x00000018   Code   RO         2887    x$fpl$dcmpinf       fz_wm.l(dcmpi.o)
    0x0802c284   0x000002b0   Code   RO         2729    x$fpl$ddiv          fz_wm.l(ddiv.o)
    0x0802c534   0x00000078   Code   RO         2732    x$fpl$deqf          fz_wm.l(deqf.o)
    0x0802c5ac   0x0000005e   Code   RO         2734    x$fpl$dfix          fz_wm.l(dfix.o)
    0x0802c60a   0x0000002e   Code   RO         2739    x$fpl$dflt          fz_wm.l(dflt_clz.o)
    0x0802c638   0x00000026   Code   RO         2738    x$fpl$dfltu         fz_wm.l(dflt_clz.o)
    0x0802c65e   0x00000002   PAD
    0x0802c660   0x00000078   Code   RO         2744    x$fpl$dleqf         fz_wm.l(dleqf.o)
    0x0802c6d8   0x00000154   Code   RO         2746    x$fpl$dmul          fz_wm.l(dmul.o)
    0x0802c82c   0x0000009c   Code   RO         2889    x$fpl$dnaninf       fz_wm.l(dnaninf.o)
    0x0802c8c8   0x0000000c   Code   RO         2891    x$fpl$dretinf       fz_wm.l(dretinf.o)
    0x0802c8d4   0x0000006c   Code   RO         2748    x$fpl$drleqf        fz_wm.l(drleqf.o)
    0x0802c940   0x00000016   Code   RO         2723    x$fpl$drsb          fz_wm.l(daddsub_clz.o)
    0x0802c956   0x00000002   PAD
    0x0802c958   0x00000198   Code   RO         2893    x$fpl$dsqrt         fz_wm.l(dsqrt_umaal.o)
    0x0802caf0   0x000001d4   Code   RO         2724    x$fpl$dsub          fz_wm.l(daddsub_clz.o)
    0x0802ccc4   0x00000056   Code   RO         2750    x$fpl$f2d           fz_wm.l(f2d.o)
    0x0802cd1a   0x00000060   Code   RO         2752    x$fpl$ffltll        fz_wm.l(ffltll_clz.o)
    0x0802cd7a   0x0000008c   Code   RO         2895    x$fpl$fnaninf       fz_wm.l(fnaninf.o)
    0x0802ce06   0x0000000a   Code   RO         3076    x$fpl$fpinit        fz_wm.l(fpinit.o)
    0x0802ce10   0x0000000a   Code   RO         2897    x$fpl$fretinf       fz_wm.l(fretinf.o)
    0x0802ce1a   0x00000064   Code   RO         3006    x$fpl$retnan        fz_wm.l(retnan.o)
    0x0802ce7e   0x0000005c   Code   RO         2899    x$fpl$scalbn        fz_wm.l(scalbn.o)
    0x0802ceda   0x00000030   Code   RO         3059    x$fpl$trapveneer    fz_wm.l(trapv.o)
    0x0802cf0a   0x00000000   Code   RO         2901    x$fpl$usenofp       fz_wm.l(usenofp.o)
    0x0802cf0a   0x00000100   Data   RO          873    .constdata          os_core.o
    0x0802d00a   0x00000002   PAD
    0x0802d00c   0x00000880   Data   RO         2200    .constdata          fastmath.o
    0x0802d88c   0x00000024   Data   RO         2299    .constdata          quaternion.o
    0x0802d8b0   0x00000020   Data   RO         2608    .constdata          kf_oldx_yaw.lib(kf_oldx_yaw.o)
    0x0802d8d0   0x00000084   Data   RO         2640    .constdata          kf_oldx.lib(kf_oldx.o)
    0x0802d954   0x00000004   PAD
    0x0802d958   0x00000050   Data   RO         2757    .constdata          m_wm.l(asin.o)
    0x0802d9a8   0x00000088   Data   RO         2831    .constdata          m_wm.l(pow.o)
    0x0802da30   0x00000098   Data   RO         2905    .constdata          m_wm.l(atan.o)
    0x0802dac8   0x00000030   Data   RO         2917    .constdata          m_wm.l(cos_i.o)
    0x0802daf8   0x00000008   Data   RO         2953    .constdata          m_wm.l(qnan.o)
    0x0802db00   0x000000c8   Data   RO         2956    .constdata          m_wm.l(rred.o)
    0x0802dbc8   0x00000028   Data   RO         2960    .constdata          m_wm.l(sin_i.o)
    0x0802dbf0   0x00000020   Data   RO         3138    Region$$Table       anon$$obj.o


    Execution Region RW_IRAM1 (Base: 0x20000000, Size: 0x0000bf40, Max: 0x00020000, ABSOLUTE, COMPRESSED[0x00000704])

    Base Addr    Size         Type   Attr      Idx    E Section Name        Object

    0x20000000   0x0000000d   Data   RW            5    .data               main.o
    0x2000000d   0x00000003   PAD
    0x20000010   0x000000a9   Data   RW          428    .data               ucos_task.o
    0x200000b9   0x00000001   PAD
    0x200000ba   0x00000004   Data   RW          541    .data               delay.o
    0x200000be   0x00000002   PAD
    0x200000c0   0x00000014   Data   RW          563    .data               system_stm32f4xx.o
    0x200000d4   0x00000010   Data   RW          670    .data               stm32f4xx_rcc.o
    0x200000e4   0x0000005c   Data   RW          874    .data               os_core.o
    0x20000140   0x00000006   Data   RW         1077    .data               os_cpu_c.o
    0x20000146   0x00000001   Data   RW         1107    .data               iic.o
    0x20000147   0x00000001   PAD
    0x20000148   0x00000008   Data   RW         1268    .data               flash.o
    0x20000150   0x0000000a   Data   RW         1317    .data               pwm_out.o
    0x2000015a   0x00000002   PAD
    0x2000015c   0x00000014   Data   RW         1500    .data               time.o
    0x20000170   0x00000018   Data   RW         1531    .data               error.o
    0x20000188   0x0000007d   Data   RW         1558    .data               rc_mine.o
    0x20000205   0x00000003   PAD
    0x20000208   0x00000102   Data   RW         1613    .data               usart_fc.o
    0x2000030a   0x00000006   PAD
    0x20000310   0x00000100   Data   RW         1645    .data               hml_sample.o
    0x20000410   0x000000fd   Data   RW         1833    .data               mpu6050.o
    0x2000050d   0x00000003   PAD
    0x20000510   0x0000008d   Data   RW         1872    .data               ms5611_2.o
    0x2000059d   0x00000003   PAD
    0x200005a0   0x00000010   Data   RW         1897    .data               ultrasonic.o
    0x200005b0   0x00000019   Data   RW         1920    .data               hml_cal.o
    0x200005c9   0x00000003   PAD
    0x200005cc   0x000000aa   Data   RW         1947    .data               att_control.o
    0x20000676   0x00000002   PAD
    0x20000678   0x00000024   Data   RW         2001    .data               eso.o
    0x2000069c   0x00000004   PAD
    0x200006a0   0x000000a8   Data   RW         2040    .data               h_inf.o
    0x20000748   0x00000134   Data   RW         2067    .data               height_ctrl.o
    0x2000087c   0x00000184   Data   RW         2152    .data               visual_contol.o
    0x20000a00   0x00000410   Data   RW         2275    .data               my_math.o
    0x20000e10   0x00000134   Data   RW         2333    .data               imu1.o
    0x20000f44   0x00000004   PAD
    0x20000f48   0x000001e8   Data   RW         2361    .data               alt_kf.o
    0x20001130   0x00000048   Data   RW         2526    .data               sonar_avoid.o
    0x20001178   0x00000024   Data   RW         2659    .data               kf_oldx_yaw.lib(rt_nonfinite.o)
    0x2000119c   0x0000050c   Zero   RW            4    .bss                main.o
    0x200016a8   0x000000c0   Zero   RW          302    .bss                parameter.o
    0x20001768   0x00002a1c   Zero   RW          427    .bss                ucos_task.o
    0x20004184   0x00001288   Zero   RW          872    .bss                os_core.o
    0x2000540c   0x00001064   Zero   RW         1267    .bss                flash.o
    0x20006470   0x000000f0   Zero   RW         1499    .bss                time.o
    0x20006560   0x00000048   Zero   RW         1530    .bss                error.o
    0x200065a8   0x000001e8   Zero   RW         1557    .bss                rc_mine.o
    0x20006790   0x00000d1e   Zero   RW         1612    .bss                usart_fc.o
    0x200074ae   0x00000002   PAD
    0x200074b0   0x00000140   Zero   RW         1644    .bss                hml_sample.o
    0x200075f0   0x0000050c   Zero   RW         1832    .bss                mpu6050.o
    0x20007afc   0x0000000c   Zero   RW         1871    .bss                ms5611_2.o
    0x20007b08   0x000010e0   Zero   RW         1919    .bss                hml_cal.o
    0x20008be8   0x00000340   Zero   RW         1946    .bss                att_control.o
    0x20008f28   0x000007f8   Zero   RW         2000    .bss                eso.o
    0x20009720   0x000004a0   Zero   RW         2066    .bss                height_ctrl.o
    0x20009bc0   0x000001dc   Zero   RW         2151    .bss                visual_contol.o
    0x20009d9c   0x00001806   Zero   RW         2274    .bss                my_math.o
    0x2000b5a2   0x00000002   PAD
    0x2000b5a4   0x000000e4   Zero   RW         2298    .bss                quaternion.o
    0x2000b688   0x000000d0   Zero   RW         2332    .bss                imu1.o
    0x2000b758   0x00000074   Zero   RW         2360    .bss                alt_kf.o
    0x2000b7cc   0x00000004   PAD
    0x2000b7d0   0x0000010c   Zero   RW         2525    .bss                sonar_avoid.o
    0x2000b8dc   0x00000060   Zero   RW         2992    .bss                c_w.l(libspace.o)
    0x2000b93c   0x00000004   PAD
    0x2000b940   0x00000200   Zero   RW          483    HEAP                startup_stm32f40_41xxx.o
    0x2000bb40   0x00000400   Zero   RW          482    STACK               startup_stm32f40_41xxx.o


==============================================================================

Image component sizes


      Code (inc. data)   RO Data    RW Data    ZI Data      Debug   Object Name

      2320        206          0        488        116      11723   alt_kf.o
     11400        794          0        170        832       9042   att_control.o
       264         18          0          4          0       1483   delay.o
       232          4          0          0          0       1544   dma.o
      1020         74          0         24         72       2700   error.o
      6864        300          0         36       2040      12142   eso.o
      5112        288       2176          0          0      12443   fastmath.o
      2228         80          0          8       4196       6004   flash.o
         0          0          0        168          0       3151   h_inf.o
      6056        738          0        308       1184       9764   height_ctrl.o
      4364        152          0         25       4320       5597   hml_cal.o
      2420        130          0        256        320      13745   hml_sample.o
       936         10          0          1          0       4662   iic.o
      1060         14          0          0          0       5659   iic1.o
      6500        320          0        308        208      11839   imu1.o
      1124        218          0         13       1292     315301   main.o
       224         20          0          0          0       1885   misc.o
      3016        210          0        253       1292      18320   mpu6050.o
      1916        182          0        141         12       6491   ms5611_2.o
      2904        154          0       1040       6150      11040   my_math.o
      2196        218        256         92       4744      16147   os_core.o
       200         32          0          0          0        356   os_cpu_a.o
       488          8          0          6          0      11995   os_cpu_c.o
      2060         42          0          0          0       7288   os_flag.o
       972         16          0          0          0       4394   os_mbox.o
      1512         30          0          0          0       5853   os_q.o
       908         18          0          0          0       4126   os_sem.o
      1988         70          0          0          0       7973   os_task.o
       432         30          0          0          0       1914   os_time.o
      1588         94          0          0          0       5817   os_tmr.o
      1876        144          0          0        192       1523   parameter.o
       892         42          0         10          0     261224   pwm_out.o
      8680        150         36          0        228      12308   quaternion.o
      6660        496          0        125        488       7979   rc_mine.o
         0          0          0         72        268       1318   sonar_avoid.o
        64         26        392          0       1536        868   startup_stm32f40_41xxx.o
       936         32          0          0          0       6461   stm32f4xx_dma.o
       660         44          0          0          0       4225   stm32f4xx_gpio.o
        22          0          0          0          0       1067   stm32f4xx_it.o
      1628         52          0         16          0      13136   stm32f4xx_rcc.o
      1152         36          0          0          0       6977   stm32f4xx_spi.o
      3234         60          0          0          0      23084   stm32f4xx_tim.o
      1108         34          0          0          0       7952   stm32f4xx_usart.o
       528         46          0         20          0       1879   system_stm32f4xx.o
       476         28          0         20        240      29827   time.o
      9380        840          0        169      10780       7457   ucos_task.o
         0          0          0         16          0        445   ultrasonic.o
     31440       1320          0        258       3358      36181   usart_fc.o
     17876       1436          0        388        476      13268   visual_contol.o

    ----------------------------------------------------------------------
    158920       9256       2894       4472      44352     967577   Object Totals
         0          0         32          0          0          0   (incl. Generated)
         4          0          2         37          8          0   (incl. Padding)

    ----------------------------------------------------------------------

      Code (inc. data)   RO Data    RW Data    ZI Data      Debug   Library Member Name

        90          0          0          0          0          0   __dczerorl2.o
         8          0          0          0          0         68   __main.o
         0          0          0          0          0          0   __rtentry.o
        12          0          0          0          0          0   __rtentry2.o
         6          0          0          0          0          0   __rtentry4.o
        52          8          0          0          0          0   __scatter.o
        28          0          0          0          0          0   __scatter_zi.o
        22          0          0          0          0        100   _rserrno.o
        18          0          0          0          0         80   exit.o
         6          0          0          0          0        152   heapauxi.o
         0          0          0          0          0          0   indicate_semi.o
         2          0          0          0          0          0   libinit.o
         6          0          0          0          0          0   libinit2.o
         2          0          0          0          0          0   libshutdown.o
         2          0          0          0          0          0   libshutdown2.o
         8          4          0          0         96         68   libspace.o
        72          0          0          0          0         76   llsdiv.o
       238          0          0          0          0        100   lludivv7m.o
         8          4          0          0          0         68   rt_errno_addr_intlibspace.o
        78          0          0          0          0         80   rt_memclr_w.o
       100          0          0          0          0         80   rt_memcpy_w.o
         2          0          0          0          0          0   rtexit.o
        10          0          0          0          0          0   rtexit2.o
        12          4          0          0          0         68   sys_exit.o
        74          0          0          0          0         80   sys_stackheap_outer.o
         2          0          0          0          0         68   use_no_semi.o
        24          0          0          0          0        164   basic.o
        98          4          0          0          0        140   d2f.o
       826         16          0          0          0        492   daddsub_clz.o
        16          4          0          0          0        116   dcheck1.o
        24          0          0          0          0        116   dcmpi.o
       688        140          0          0          0        256   ddiv.o
       120          4          0          0          0        140   deqf.o
        94          4          0          0          0        140   dfix.o
        84          0          0          0          0        232   dflt_clz.o
       120          4          0          0          0        140   dleqf.o
       340         12          0          0          0        152   dmul.o
       156          4          0          0          0        140   dnaninf.o
        12          0          0          0          0        116   dretinf.o
       108          0          0          0          0        128   drleqf.o
       408         56          0          0          0        168   dsqrt_umaal.o
        86          4          0          0          0        132   f2d.o
        96          0          0          0          0        132   ffltll_clz.o
       140          4          0          0          0        132   fnaninf.o
        10          0          0          0          0        116   fpinit.o
        10          0          0          0          0        116   fretinf.o
       100          0          0          0          0        116   retnan.o
        92          0          0          0          0        116   scalbn.o
        48          0          0          0          0        116   trapv.o
         0          0          0          0          0          0   usenofp.o
      5976        170        132          0          0       3979   kf_oldx.o
      3904         80         32          0          0       5366   kf_oldx_yaw.o
       256         26          0         36          0       1984   rt_nonfinite.o
       308         22          0          0          0       1934   rtgetinf.o
       200         18          0          0          0       1305   rtgetnan.o
       864         94         80          0          0        280   asin.o
       300         42          0          0          0        176   asinf.o
       744        106        152          0          0        352   atan.o
       496         64          0          0          0        192   atan2.o
       592         90          0          0          0        184   atan2f.o
       200         20          0          0          0        164   cos.o
       368         46         48          0          0        200   cos_i.o
       184         44          0          0          0        744   dunder.o
        44          0          0          0          0        248   fabs.o
       280         28          0          0          0        156   floor.o
        48          0          0          0          0        124   fpclassify.o
        38          0          0          0          0        116   fpclassifyf.o
        44         12          0          0          0        464   funder.o
       248          0          0          0          0        152   poly.o
      3152        296        136          0          0        352   pow.o
         0          0          8          0          0          0   qnan.o
      1080        142        200          0          0        188   rred.o
       200         20          0          0          0        164   sin.o
       304         24         40          0          0        208   sin_i.o
       232          0          0          0          0        296   sqrt.o
       120          0          0          0          0        272   sqrtf.o
         4          0          0          0          0        116   sqrtl.o

    ----------------------------------------------------------------------
     24762       1624        832         36        100      24420   Library Totals
        18          4          4          0          4          0   (incl. Padding)

    ----------------------------------------------------------------------

      Code (inc. data)   RO Data    RW Data    ZI Data      Debug   Library Name

       858         20          0          0         96       1088   c_w.l
      3700        256          0          0          0       3616   fz_wm.l
      5976        170        132          0          0       3979   kf_oldx.lib
      4668        146         32         36          0      10589   kf_oldx_yaw.lib
      9542       1028        664          0          0       5148   m_wm.l

    ----------------------------------------------------------------------
     24762       1624        832         36        100      24420   Library Totals

    ----------------------------------------------------------------------

==============================================================================


      Code (inc. data)   RO Data    RW Data    ZI Data      Debug   

    183682      10880       3726       4508      44452     974429   Grand Totals
    183682      10880       3726       1796      44452     974429   ELF Image Totals (compressed)
    183682      10880       3726       1796          0          0   ROM Totals

==============================================================================

    Total RO  Size (Code + RO Data)               187408 ( 183.02kB)
    Total RW  Size (RW Data + ZI Data)             48960 (  47.81kB)
    Total ROM Size (Code + RO Data + RW Data)     189204 ( 184.77kB)

==============================================================================

